2026-08-14 09:02:34.261 [HikariPool-1 housekeeper] WARN  com.zaxxer.hikari.pool.HikariPool [,] - HikariPool-1 - Thread starvation or clock leap detected (housekeeper delta=7h50m35s401ms324µs500ns).
2026-08-14 10:57:24.965 [http-nio-8080-exec-8] INFO  c.b.u.UserDashboardService [6a7eca649052e087afb335228a06922b,08e8cca8360302b5] -   Loading dashboard for user 1
2026-08-14 10:57:24.968 [http-nio-8080-exec-10] INFO  c.b.u.UserDashboardService [6a7eca64e9c1b1c7a7e425c0911a9f61,620685042390b16d] - Loading dashboard history for user 1
2026-08-14 10:57:24.981 [http-nio-8080-exec-8] INFO  c.b.u.UserDashboardService [6a7eca649052e087afb335228a06922b,08e8cca8360302b5] - Selected OWNER apartment 1
2026-08-14 10:57:24.984 [http-nio-8080-exec-8] INFO  c.b.u.UserDashboardService [6a7eca649052e087afb335228a06922b,08e8cca8360302b5] - Last statement = 8 (2026-06)
2026-08-14 10:57:24.999 [http-nio-8080-exec-8] INFO  c.b.u.UserDashboardService [6a7eca649052e087afb335228a06922b,08e8cca8360302b5] - Found 3 allocations for apartment 1
2026-08-14 10:57:25.000 [http-nio-8080-exec-8] INFO  c.b.u.UserDashboardService [6a7eca649052e087afb335228a06922b,08e8cca8360302b5] - Final amount due: 0
2026-08-14 10:57:25.052 [http-nio-8080-exec-9] INFO  c.b.u.UserDashboardService [6a7eca65801357dfef154f9dc6caf2e5,869e43e4168e8920] -   Loading dashboard for user 1
2026-08-14 10:57:25.057 [http-nio-8080-exec-9] INFO  c.b.u.UserDashboardService [6a7eca65801357dfef154f9dc6caf2e5,869e43e4168e8920] - Selected OWNER apartment 1
2026-08-14 10:57:25.059 [http-nio-8080-exec-9] INFO  c.b.u.UserDashboardService [6a7eca65801357dfef154f9dc6caf2e5,869e43e4168e8920] - Last statement = 8 (2026-06)
2026-08-14 10:57:25.067 [http-nio-8080-exec-9] INFO  c.b.u.UserDashboardService [6a7eca65801357dfef154f9dc6caf2e5,869e43e4168e8920] - Found 3 allocations for apartment 1
2026-08-14 10:57:25.068 [http-nio-8080-exec-9] INFO  c.b.u.UserDashboardService [6a7eca65801357dfef154f9dc6caf2e5,869e43e4168e8920] - Final amount due: 0
2026-08-14 10:57:51.472 [http-nio-8080-exec-4] INFO  c.b.u.UserDashboardService [6a7eca7ff8cfe9929f4ca0b239e40797,deb35aa00260b4b5] -   Loading dashboard for user 1
2026-08-14 10:57:51.472 [http-nio-8080-exec-9] INFO  c.b.u.UserDashboardService [6a7eca7fc47fc174e65560a52dc381c1,26ce4f320414cf41] - Loading dashboard history for user 1
2026-08-14 10:57:51.476 [http-nio-8080-exec-4] INFO  c.b.u.UserDashboardService [6a7eca7ff8cfe9929f4ca0b239e40797,deb35aa00260b4b5] - Selected OWNER apartment 1
2026-08-14 10:57:51.477 [http-nio-8080-exec-4] INFO  c.b.u.UserDashboardService [6a7eca7ff8cfe9929f4ca0b239e40797,deb35aa00260b4b5] - Last statement = 8 (2026-06)
2026-08-14 10:57:51.487 [http-nio-8080-exec-4] INFO  c.b.u.UserDashboardService [6a7eca7ff8cfe9929f4ca0b239e40797,deb35aa00260b4b5] - Found 3 allocations for apartment 1
2026-08-14 10:57:51.488 [http-nio-8080-exec-4] INFO  c.b.u.UserDashboardService [6a7eca7ff8cfe9929f4ca0b239e40797,deb35aa00260b4b5] - Final amount due: 0
2026-08-14 10:57:51.496 [http-nio-8080-exec-2] INFO  c.b.u.UserDashboardService [6a7eca7f598259451fe829e8dd331fc5,16eb81632a0e09f6] -   Loading dashboard for user 1
2026-08-14 10:57:51.500 [http-nio-8080-exec-2] INFO  c.b.u.UserDashboardService [6a7eca7f598259451fe829e8dd331fc5,16eb81632a0e09f6] - Selected OWNER apartment 1
2026-08-14 10:57:51.501 [http-nio-8080-exec-2] INFO  c.b.u.UserDashboardService [6a7eca7f598259451fe829e8dd331fc5,16eb81632a0e09f6] - Last statement = 8 (2026-06)
2026-08-14 10:57:51.503 [http-nio-8080-exec-2] INFO  c.b.u.UserDashboardService [6a7eca7f598259451fe829e8dd331fc5,16eb81632a0e09f6] - Found 3 allocations for apartment 1
2026-08-14 10:57:51.503 [http-nio-8080-exec-2] INFO  c.b.u.UserDashboardService [6a7eca7f598259451fe829e8dd331fc5,16eb81632a0e09f6] - Final amount due: 0
